// Jest Snapshot v1, https://goo.gl/fbAQLP

exports[`<GameController> test leader room and game not started should return basic GameController 1`] = `"<div style=\\"justify-self: end; width: 22vh; height: 70vh; margin: 12.8vh 0px 0px 0px; padding: 2vh 2vh 0px 2vh; display: flex; flex-direction: column; align-items: center; background-color: rgb(11, 29, 45); border-color: #0b1d2d; border-width: 1vh 2vh 0px 2vh; border-style: outset;\\"><div><div style=\\"width: 6.8vh; height: 6.8vh; margin: 2.5vh; display: flex; flex-wrap: wrap; border-color: #0f1423; border-width: 2vh 2vh 2vh 2vh; border-radius: 1vh 1vh 1vh 1vh; border-style: inset;\\"><div style=\\"height: 1.5vh; width: 1.5vh; border-style: outset; border-width: 0.1vh; border-color: #749099; background-color: rgb(90, 105, 120);\\"> </div><div style=\\"height: 1.5vh; width: 1.5vh; border-style: outset; border-width: 0.1vh; border-color: #749099; background-color: rgb(22, 227, 220);\\"> </div><div style=\\"height: 1.5vh; width: 1.5vh; border-style: outset; border-width: 0.1vh; border-color: #749099; background-color: rgb(90, 105, 120);\\"> </div><div style=\\"height: 1.5vh; width: 1.5vh; border-style: outset; border-width: 0.1vh; border-color: #749099; background-color: rgb(90, 105, 120);\\"> </div><div style=\\"height: 1.5vh; width: 1.5vh; border-style: outset; border-width: 0.1vh; border-color: #749099; background-color: rgb(90, 105, 120);\\"> </div><div style=\\"height: 1.5vh; width: 1.5vh; border-style: outset; border-width: 0.1vh; border-color: #749099; background-color: rgb(22, 227, 220);\\"> </div><div style=\\"height: 1.5vh; width: 1.5vh; border-style: outset; border-width: 0.1vh; border-color: #749099; background-color: rgb(90, 105, 120);\\"> </div><div style=\\"height: 1.5vh; width: 1.5vh; border-style: outset; border-width: 0.1vh; border-color: #749099; background-color: rgb(90, 105, 120);\\"> </div><div style=\\"height: 1.5vh; width: 1.5vh; border-style: outset; border-width: 0.1vh; border-color: #749099; background-color: rgb(90, 105, 120);\\"> </div><div style=\\"height: 1.5vh; width: 1.5vh; border-style: outset; border-width: 0.1vh; border-color: #749099; background-color: rgb(22, 227, 220);\\"> </div><div style=\\"height: 1.5vh; width: 1.5vh; border-style: outset; border-width: 0.1vh; border-color: #749099; background-color: rgb(90, 105, 120);\\"> </div><div style=\\"height: 1.5vh; width: 1.5vh; border-style: outset; border-width: 0.1vh; border-color: #749099; background-color: rgb(90, 105, 120);\\"> </div><div style=\\"height: 1.5vh; width: 1.5vh; border-style: outset; border-width: 0.1vh; border-color: #749099; background-color: rgb(90, 105, 120);\\"> </div><div style=\\"height: 1.5vh; width: 1.5vh; border-style: outset; border-width: 0.1vh; border-color: #749099; background-color: rgb(22, 227, 220);\\"> </div><div style=\\"height: 1.5vh; width: 1.5vh; border-style: outset; border-width: 0.1vh; border-color: #749099; background-color: rgb(90, 105, 120);\\"> </div><div style=\\"height: 1.5vh; width: 1.5vh; border-style: outset; border-width: 0.1vh; border-color: #749099; background-color: rgb(90, 105, 120);\\"> </div></div><div style=\\"width: 6.8vh; height: 6.8vh; margin: 2.5vh; display: flex; flex-wrap: wrap; border-color: #0f1423; border-width: 2vh 2vh 2vh 2vh; border-radius: 1vh 1vh 1vh 1vh; border-style: inset;\\"><div style=\\"height: 1.5vh; width: 1.5vh; border-style: outset; border-width: 0.1vh; border-color: #749099; background-color: rgb(90, 105, 120);\\"> </div><div style=\\"height: 1.5vh; width: 1.5vh; border-style: outset; border-width: 0.1vh; border-color: #749099; background-color: rgb(22, 227, 220);\\"> </div><div style=\\"height: 1.5vh; width: 1.5vh; border-style: outset; border-width: 0.1vh; border-color: #749099; background-color: rgb(90, 105, 120);\\"> </div><div style=\\"height: 1.5vh; width: 1.5vh; border-style: outset; border-width: 0.1vh; border-color: #749099; background-color: rgb(90, 105, 120);\\"> </div><div style=\\"height: 1.5vh; width: 1.5vh; border-style: outset; border-width: 0.1vh; border-color: #749099; background-color: rgb(90, 105, 120);\\"> </div><div style=\\"height: 1.5vh; width: 1.5vh; border-style: outset; border-width: 0.1vh; border-color: #749099; background-color: rgb(22, 227, 220);\\"> </div><div style=\\"height: 1.5vh; width: 1.5vh; border-style: outset; border-width: 0.1vh; border-color: #749099; background-color: rgb(90, 105, 120);\\"> </div><div style=\\"height: 1.5vh; width: 1.5vh; border-style: outset; border-width: 0.1vh; border-color: #749099; background-color: rgb(90, 105, 120);\\"> </div><div style=\\"height: 1.5vh; width: 1.5vh; border-style: outset; border-width: 0.1vh; border-color: #749099; background-color: rgb(90, 105, 120);\\"> </div><div style=\\"height: 1.5vh; width: 1.5vh; border-style: outset; border-width: 0.1vh; border-color: #749099; background-color: rgb(22, 227, 220);\\"> </div><div style=\\"height: 1.5vh; width: 1.5vh; border-style: outset; border-width: 0.1vh; border-color: #749099; background-color: rgb(90, 105, 120);\\"> </div><div style=\\"height: 1.5vh; width: 1.5vh; border-style: outset; border-width: 0.1vh; border-color: #749099; background-color: rgb(90, 105, 120);\\"> </div><div style=\\"height: 1.5vh; width: 1.5vh; border-style: outset; border-width: 0.1vh; border-color: #749099; background-color: rgb(90, 105, 120);\\"> </div><div style=\\"height: 1.5vh; width: 1.5vh; border-style: outset; border-width: 0.1vh; border-color: #749099; background-color: rgb(22, 227, 220);\\"> </div><div style=\\"height: 1.5vh; width: 1.5vh; border-style: outset; border-width: 0.1vh; border-color: #749099; background-color: rgb(90, 105, 120);\\"> </div><div style=\\"height: 1.5vh; width: 1.5vh; border-style: outset; border-width: 0.1vh; border-color: #749099; background-color: rgb(90, 105, 120);\\"> </div></div><div style=\\"width: 6.8vh; height: 6.8vh; margin: 2.5vh; display: flex; flex-wrap: wrap; border-color: #0f1423; border-width: 2vh 2vh 2vh 2vh; border-radius: 1vh 1vh 1vh 1vh; border-style: inset;\\"><div style=\\"height: 1.5vh; width: 1.5vh; border-style: outset; border-width: 0.1vh; border-color: #749099; background-color: rgb(90, 105, 120);\\"> </div><div style=\\"height: 1.5vh; width: 1.5vh; border-style: outset; border-width: 0.1vh; border-color: #749099; background-color: rgb(22, 227, 220);\\"> </div><div style=\\"height: 1.5vh; width: 1.5vh; border-style: outset; border-width: 0.1vh; border-color: #749099; background-color: rgb(90, 105, 120);\\"> </div><div style=\\"height: 1.5vh; width: 1.5vh; border-style: outset; border-width: 0.1vh; border-color: #749099; background-color: rgb(90, 105, 120);\\"> </div><div style=\\"height: 1.5vh; width: 1.5vh; border-style: outset; border-width: 0.1vh; border-color: #749099; background-color: rgb(90, 105, 120);\\"> </div><div style=\\"height: 1.5vh; width: 1.5vh; border-style: outset; border-width: 0.1vh; border-color: #749099; background-color: rgb(22, 227, 220);\\"> </div><div style=\\"height: 1.5vh; width: 1.5vh; border-style: outset; border-width: 0.1vh; border-color: #749099; background-color: rgb(90, 105, 120);\\"> </div><div style=\\"height: 1.5vh; width: 1.5vh; border-style: outset; border-width: 0.1vh; border-color: #749099; background-color: rgb(90, 105, 120);\\"> </div><div style=\\"height: 1.5vh; width: 1.5vh; border-style: outset; border-width: 0.1vh; border-color: #749099; background-color: rgb(90, 105, 120);\\"> </div><div style=\\"height: 1.5vh; width: 1.5vh; border-style: outset; border-width: 0.1vh; border-color: #749099; background-color: rgb(22, 227, 220);\\"> </div><div style=\\"height: 1.5vh; width: 1.5vh; border-style: outset; border-width: 0.1vh; border-color: #749099; background-color: rgb(90, 105, 120);\\"> </div><div style=\\"height: 1.5vh; width: 1.5vh; border-style: outset; border-width: 0.1vh; border-color: #749099; background-color: rgb(90, 105, 120);\\"> </div><div style=\\"height: 1.5vh; width: 1.5vh; border-style: outset; border-width: 0.1vh; border-color: #749099; background-color: rgb(90, 105, 120);\\"> </div><div style=\\"height: 1.5vh; width: 1.5vh; border-style: outset; border-width: 0.1vh; border-color: #749099; background-color: rgb(22, 227, 220);\\"> </div><div style=\\"height: 1.5vh; width: 1.5vh; border-style: outset; border-width: 0.1vh; border-color: #749099; background-color: rgb(90, 105, 120);\\"> </div><div style=\\"height: 1.5vh; width: 1.5vh; border-style: outset; border-width: 0.1vh; border-color: #749099; background-color: rgb(90, 105, 120);\\"> </div></div></div><div><button style=\\"padding: 1vh; font-family: Orbitron; font-weight: 500; font-size: 2vh; text-align: center; color: rgb(225, 48, 29); background-color: rgb(90, 105, 120); border-color: #0f1423; border-width: 1vh 1vh 1vh 1vh; border-radius: 1vh 1vh 1vh 1vh; border-style: outset;\\">Start Game</button></div></div>"`;

exports[`<GameController> test not leader room and game started should return basic GameController 1`] = `"<div style=\\"justify-self: end; width: 22vh; height: 70vh; margin: 12.8vh 0px 0px 0px; padding: 2vh 2vh 0px 2vh; display: flex; flex-direction: column; align-items: center; background-color: rgb(11, 29, 45); border-color: #0b1d2d; border-width: 1vh 2vh 0px 2vh; border-style: outset;\\"><div><div style=\\"width: 6.8vh; height: 6.8vh; margin: 2.5vh; display: flex; flex-wrap: wrap; border-color: #0f1423; border-width: 2vh 2vh 2vh 2vh; border-radius: 1vh 1vh 1vh 1vh; border-style: inset;\\"><div style=\\"height: 1.5vh; width: 1.5vh; border-style: outset; border-width: 0.1vh; border-color: #749099; background-color: rgb(90, 105, 120);\\"> </div><div style=\\"height: 1.5vh; width: 1.5vh; border-style: outset; border-width: 0.1vh; border-color: #749099; background-color: rgb(22, 227, 220);\\"> </div><div style=\\"height: 1.5vh; width: 1.5vh; border-style: outset; border-width: 0.1vh; border-color: #749099; background-color: rgb(90, 105, 120);\\"> </div><div style=\\"height: 1.5vh; width: 1.5vh; border-style: outset; border-width: 0.1vh; border-color: #749099; background-color: rgb(90, 105, 120);\\"> </div><div style=\\"height: 1.5vh; width: 1.5vh; border-style: outset; border-width: 0.1vh; border-color: #749099; background-color: rgb(90, 105, 120);\\"> </div><div style=\\"height: 1.5vh; width: 1.5vh; border-style: outset; border-width: 0.1vh; border-color: #749099; background-color: rgb(22, 227, 220);\\"> </div><div style=\\"height: 1.5vh; width: 1.5vh; border-style: outset; border-width: 0.1vh; border-color: #749099; background-color: rgb(90, 105, 120);\\"> </div><div style=\\"height: 1.5vh; width: 1.5vh; border-style: outset; border-width: 0.1vh; border-color: #749099; background-color: rgb(90, 105, 120);\\"> </div><div style=\\"height: 1.5vh; width: 1.5vh; border-style: outset; border-width: 0.1vh; border-color: #749099; background-color: rgb(90, 105, 120);\\"> </div><div style=\\"height: 1.5vh; width: 1.5vh; border-style: outset; border-width: 0.1vh; border-color: #749099; background-color: rgb(22, 227, 220);\\"> </div><div style=\\"height: 1.5vh; width: 1.5vh; border-style: outset; border-width: 0.1vh; border-color: #749099; background-color: rgb(90, 105, 120);\\"> </div><div style=\\"height: 1.5vh; width: 1.5vh; border-style: outset; border-width: 0.1vh; border-color: #749099; background-color: rgb(90, 105, 120);\\"> </div><div style=\\"height: 1.5vh; width: 1.5vh; border-style: outset; border-width: 0.1vh; border-color: #749099; background-color: rgb(90, 105, 120);\\"> </div><div style=\\"height: 1.5vh; width: 1.5vh; border-style: outset; border-width: 0.1vh; border-color: #749099; background-color: rgb(22, 227, 220);\\"> </div><div style=\\"height: 1.5vh; width: 1.5vh; border-style: outset; border-width: 0.1vh; border-color: #749099; background-color: rgb(90, 105, 120);\\"> </div><div style=\\"height: 1.5vh; width: 1.5vh; border-style: outset; border-width: 0.1vh; border-color: #749099; background-color: rgb(90, 105, 120);\\"> </div></div><div style=\\"width: 6.8vh; height: 6.8vh; margin: 2.5vh; display: flex; flex-wrap: wrap; border-color: #0f1423; border-width: 2vh 2vh 2vh 2vh; border-radius: 1vh 1vh 1vh 1vh; border-style: inset;\\"><div style=\\"height: 1.5vh; width: 1.5vh; border-style: outset; border-width: 0.1vh; border-color: #749099; background-color: rgb(90, 105, 120);\\"> </div><div style=\\"height: 1.5vh; width: 1.5vh; border-style: outset; border-width: 0.1vh; border-color: #749099; background-color: rgb(22, 227, 220);\\"> </div><div style=\\"height: 1.5vh; width: 1.5vh; border-style: outset; border-width: 0.1vh; border-color: #749099; background-color: rgb(90, 105, 120);\\"> </div><div style=\\"height: 1.5vh; width: 1.5vh; border-style: outset; border-width: 0.1vh; border-color: #749099; background-color: rgb(90, 105, 120);\\"> </div><div style=\\"height: 1.5vh; width: 1.5vh; border-style: outset; border-width: 0.1vh; border-color: #749099; background-color: rgb(90, 105, 120);\\"> </div><div style=\\"height: 1.5vh; width: 1.5vh; border-style: outset; border-width: 0.1vh; border-color: #749099; background-color: rgb(22, 227, 220);\\"> </div><div style=\\"height: 1.5vh; width: 1.5vh; border-style: outset; border-width: 0.1vh; border-color: #749099; background-color: rgb(90, 105, 120);\\"> </div><div style=\\"height: 1.5vh; width: 1.5vh; border-style: outset; border-width: 0.1vh; border-color: #749099; background-color: rgb(90, 105, 120);\\"> </div><div style=\\"height: 1.5vh; width: 1.5vh; border-style: outset; border-width: 0.1vh; border-color: #749099; background-color: rgb(90, 105, 120);\\"> </div><div style=\\"height: 1.5vh; width: 1.5vh; border-style: outset; border-width: 0.1vh; border-color: #749099; background-color: rgb(22, 227, 220);\\"> </div><div style=\\"height: 1.5vh; width: 1.5vh; border-style: outset; border-width: 0.1vh; border-color: #749099; background-color: rgb(90, 105, 120);\\"> </div><div style=\\"height: 1.5vh; width: 1.5vh; border-style: outset; border-width: 0.1vh; border-color: #749099; background-color: rgb(90, 105, 120);\\"> </div><div style=\\"height: 1.5vh; width: 1.5vh; border-style: outset; border-width: 0.1vh; border-color: #749099; background-color: rgb(90, 105, 120);\\"> </div><div style=\\"height: 1.5vh; width: 1.5vh; border-style: outset; border-width: 0.1vh; border-color: #749099; background-color: rgb(22, 227, 220);\\"> </div><div style=\\"height: 1.5vh; width: 1.5vh; border-style: outset; border-width: 0.1vh; border-color: #749099; background-color: rgb(90, 105, 120);\\"> </div><div style=\\"height: 1.5vh; width: 1.5vh; border-style: outset; border-width: 0.1vh; border-color: #749099; background-color: rgb(90, 105, 120);\\"> </div></div><div style=\\"width: 6.8vh; height: 6.8vh; margin: 2.5vh; display: flex; flex-wrap: wrap; border-color: #0f1423; border-width: 2vh 2vh 2vh 2vh; border-radius: 1vh 1vh 1vh 1vh; border-style: inset;\\"><div style=\\"height: 1.5vh; width: 1.5vh; border-style: outset; border-width: 0.1vh; border-color: #749099; background-color: rgb(90, 105, 120);\\"> </div><div style=\\"height: 1.5vh; width: 1.5vh; border-style: outset; border-width: 0.1vh; border-color: #749099; background-color: rgb(22, 227, 220);\\"> </div><div style=\\"height: 1.5vh; width: 1.5vh; border-style: outset; border-width: 0.1vh; border-color: #749099; background-color: rgb(90, 105, 120);\\"> </div><div style=\\"height: 1.5vh; width: 1.5vh; border-style: outset; border-width: 0.1vh; border-color: #749099; background-color: rgb(90, 105, 120);\\"> </div><div style=\\"height: 1.5vh; width: 1.5vh; border-style: outset; border-width: 0.1vh; border-color: #749099; background-color: rgb(90, 105, 120);\\"> </div><div style=\\"height: 1.5vh; width: 1.5vh; border-style: outset; border-width: 0.1vh; border-color: #749099; background-color: rgb(22, 227, 220);\\"> </div><div style=\\"height: 1.5vh; width: 1.5vh; border-style: outset; border-width: 0.1vh; border-color: #749099; background-color: rgb(90, 105, 120);\\"> </div><div style=\\"height: 1.5vh; width: 1.5vh; border-style: outset; border-width: 0.1vh; border-color: #749099; background-color: rgb(90, 105, 120);\\"> </div><div style=\\"height: 1.5vh; width: 1.5vh; border-style: outset; border-width: 0.1vh; border-color: #749099; background-color: rgb(90, 105, 120);\\"> </div><div style=\\"height: 1.5vh; width: 1.5vh; border-style: outset; border-width: 0.1vh; border-color: #749099; background-color: rgb(22, 227, 220);\\"> </div><div style=\\"height: 1.5vh; width: 1.5vh; border-style: outset; border-width: 0.1vh; border-color: #749099; background-color: rgb(90, 105, 120);\\"> </div><div style=\\"height: 1.5vh; width: 1.5vh; border-style: outset; border-width: 0.1vh; border-color: #749099; background-color: rgb(90, 105, 120);\\"> </div><div style=\\"height: 1.5vh; width: 1.5vh; border-style: outset; border-width: 0.1vh; border-color: #749099; background-color: rgb(90, 105, 120);\\"> </div><div style=\\"height: 1.5vh; width: 1.5vh; border-style: outset; border-width: 0.1vh; border-color: #749099; background-color: rgb(22, 227, 220);\\"> </div><div style=\\"height: 1.5vh; width: 1.5vh; border-style: outset; border-width: 0.1vh; border-color: #749099; background-color: rgb(90, 105, 120);\\"> </div><div style=\\"height: 1.5vh; width: 1.5vh; border-style: outset; border-width: 0.1vh; border-color: #749099; background-color: rgb(90, 105, 120);\\"> </div></div></div><div></div></div>"`;
