// Jest Snapshot v1, https://goo.gl/fbAQLP

exports[`<Piece> should return PieceView undefined 1`] = `"<div style=\\"width: 6.8vh; height: 6.8vh; margin: 2.5vh; display: flex; flex-wrap: wrap; border-color: #0f1423; border-width: 2vh 2vh 2vh 2vh; border-radius: 1vh 1vh 1vh 1vh; border-style: inset;\\"><div style=\\"height: 1.5vh; width: 1.5vh; border-style: outset; border-width: 0.1vh; border-color: #749099; background-color: rgb(90, 105, 120);\\"> </div><div style=\\"height: 1.5vh; width: 1.5vh; border-style: outset; border-width: 0.1vh; border-color: #749099; background-color: rgb(90, 105, 120);\\"> </div><div style=\\"height: 1.5vh; width: 1.5vh; border-style: outset; border-width: 0.1vh; border-color: #749099; background-color: rgb(90, 105, 120);\\"> </div><div style=\\"height: 1.5vh; width: 1.5vh; border-style: outset; border-width: 0.1vh; border-color: #749099; background-color: rgb(90, 105, 120);\\"> </div><div style=\\"height: 1.5vh; width: 1.5vh; border-style: outset; border-width: 0.1vh; border-color: #749099; background-color: rgb(90, 105, 120);\\"> </div><div style=\\"height: 1.5vh; width: 1.5vh; border-style: outset; border-width: 0.1vh; border-color: #749099; background-color: rgb(90, 105, 120);\\"> </div><div style=\\"height: 1.5vh; width: 1.5vh; border-style: outset; border-width: 0.1vh; border-color: #749099; background-color: rgb(90, 105, 120);\\"> </div><div style=\\"height: 1.5vh; width: 1.5vh; border-style: outset; border-width: 0.1vh; border-color: #749099; background-color: rgb(90, 105, 120);\\"> </div><div style=\\"height: 1.5vh; width: 1.5vh; border-style: outset; border-width: 0.1vh; border-color: #749099; background-color: rgb(90, 105, 120);\\"> </div><div style=\\"height: 1.5vh; width: 1.5vh; border-style: outset; border-width: 0.1vh; border-color: #749099; background-color: rgb(90, 105, 120);\\"> </div><div style=\\"height: 1.5vh; width: 1.5vh; border-style: outset; border-width: 0.1vh; border-color: #749099; background-color: rgb(90, 105, 120);\\"> </div><div style=\\"height: 1.5vh; width: 1.5vh; border-style: outset; border-width: 0.1vh; border-color: #749099; background-color: rgb(90, 105, 120);\\"> </div><div style=\\"height: 1.5vh; width: 1.5vh; border-style: outset; border-width: 0.1vh; border-color: #749099; background-color: rgb(90, 105, 120);\\"> </div><div style=\\"height: 1.5vh; width: 1.5vh; border-style: outset; border-width: 0.1vh; border-color: #749099; background-color: rgb(90, 105, 120);\\"> </div><div style=\\"height: 1.5vh; width: 1.5vh; border-style: outset; border-width: 0.1vh; border-color: #749099; background-color: rgb(90, 105, 120);\\"> </div><div style=\\"height: 1.5vh; width: 1.5vh; border-style: outset; border-width: 0.1vh; border-color: #749099; background-color: rgb(90, 105, 120);\\"> </div></div>"`;
