// Jest Snapshot v1, https://goo.gl/fbAQLP

exports[`<Footer /> render basic 1`] = `"<div style=\\"display: flex; justify-content: center; align-items: center; position: absolute; bottom: 0px; width: 100%; height: 14.24vh; color: rgb(97, 218, 251);\\"><p style=\\"font-family: Permanent Marker; font-size: 3vh; font-weight: 300; color: rgb(97, 218, 251); margin-right: 2vh;\\">befuhro &amp; eruaud</p><img src=\\"\\" style=\\"height: 10vh; margin-left: 2vh;\\" alt=\\"le-101-logo\\"></div>"`;
