// Jest Snapshot v1, https://goo.gl/fbAQLP

exports[`<GameWatcher> should return spectrum 1`] = `"<div style=\\"justify-self: end; width: 22vh; height: 70vh; margin: 12.8vh 0px 0px 0px; padding: 2vh 2vh 0px 2vh; display: flex; flex-direction: column; align-items: center; background-color: rgb(11, 29, 45); border-color: #0b1d2d; border-width: 1vh 2vh 0px 2vh; border-style: outset;\\"><div><div style=\\"color: white;\\">befuhro<div style=\\"width: 13vh; height: 20vh; display: flex; flex-wrap: wrap; padding: 0px; margin: 0px;\\"><div style=\\"height: 1vh; width: 1vh; border-style: outset; border-width: 0.1vh; border-color: #749099; background-color: rgb(90, 105, 120);\\"> </div><div style=\\"height: 1vh; width: 1vh; border-style: outset; border-width: 0.1vh; border-color: #749099; background-color: rgb(90, 105, 120);\\"> </div><div style=\\"height: 1vh; width: 1vh; border-style: outset; border-width: 0.1vh; border-color: #749099; background-color: rgb(90, 105, 120);\\"> </div><div style=\\"height: 1vh; width: 1vh; border-style: outset; border-width: 0.1vh; border-color: #749099; background-color: rgb(90, 105, 120);\\"> </div><div style=\\"height: 1vh; width: 1vh; border-style: outset; border-width: 0.1vh; border-color: #749099; background-color: rgb(90, 105, 120);\\"> </div><div style=\\"height: 1vh; width: 1vh; border-style: outset; border-width: 0.1vh; border-color: #749099; background-color: rgb(90, 105, 120);\\"> </div><div style=\\"height: 1vh; width: 1vh; border-style: outset; border-width: 0.1vh; border-color: #749099; background-color: rgb(90, 105, 120);\\"> </div><div style=\\"height: 1vh; width: 1vh; border-style: outset; border-width: 0.1vh; border-color: #749099; background-color: rgb(90, 105, 120);\\"> </div><div style=\\"height: 1vh; width: 1vh; border-style: outset; border-width: 0.1vh; border-color: #749099; background-color: rgb(90, 105, 120);\\"> </div><div style=\\"height: 1vh; width: 1vh; border-style: outset; border-width: 0.1vh; border-color: #749099; background-color: rgb(90, 105, 120);\\"> </div><div style=\\"height: 1vh; width: 1vh; border-style: outset; border-width: 0.1vh; border-color: #749099; background-color: rgb(90, 105, 120);\\"> </div><div style=\\"height: 1vh; width: 1vh; border-style: outset; border-width: 0.1vh; border-color: #749099; background-color: rgb(90, 105, 120);\\"> </div><div style=\\"height: 1vh; width: 1vh; border-style: outset; border-width: 0.1vh; border-color: #749099; background-color: rgb(90, 105, 120);\\"> </div><div style=\\"height: 1vh; width: 1vh; border-style: outset; border-width: 0.1vh; border-color: #749099; background-color: rgb(90, 105, 120);\\"> </div><div style=\\"height: 1vh; width: 1vh; border-style: outset; border-width: 0.1vh; border-color: #749099; background-color: rgb(90, 105, 120);\\"> </div><div style=\\"height: 1vh; width: 1vh; border-style: outset; border-width: 0.1vh; border-color: #749099; background-color: rgb(90, 105, 120);\\"> </div><div style=\\"height: 1vh; width: 1vh; border-style: outset; border-width: 0.1vh; border-color: #749099; background-color: rgb(90, 105, 120);\\"> </div><div style=\\"height: 1vh; width: 1vh; border-style: outset; border-width: 0.1vh; border-color: #749099; background-color: rgb(90, 105, 120);\\"> </div><div style=\\"height: 1vh; width: 1vh; border-style: outset; border-width: 0.1vh; border-color: #749099; background-color: rgb(90, 105, 120);\\"> </div><div style=\\"height: 1vh; width: 1vh; border-style: outset; border-width: 0.1vh; border-color: #749099; background-color: rgb(90, 105, 120);\\"> </div><div style=\\"height: 1vh; width: 1vh; border-style: outset; border-width: 0.1vh; border-color: #749099; background-color: rgb(90, 105, 120);\\"> </div><div style=\\"height: 1vh; width: 1vh; border-style: outset; border-width: 0.1vh; border-color: #749099; background-color: rgb(90, 105, 120);\\"> </div><div style=\\"height: 1vh; width: 1vh; border-style: outset; border-width: 0.1vh; border-color: #749099; background-color: rgb(90, 105, 120);\\"> </div><div style=\\"height: 1vh; width: 1vh; border-style: outset; border-width: 0.1vh; border-color: #749099; background-color: rgb(90, 105, 120);\\"> </div><div style=\\"height: 1vh; width: 1vh; border-style: outset; border-width: 0.1vh; border-color: #749099; background-color: rgb(90, 105, 120);\\"> </div><div style=\\"height: 1vh; width: 1vh; border-style: outset; border-width: 0.1vh; border-color: #749099; background-color: rgb(90, 105, 120);\\"> </div><div style=\\"height: 1vh; width: 1vh; border-style: outset; border-width: 0.1vh; border-color: #749099; background-color: rgb(90, 105, 120);\\"> </div><div style=\\"height: 1vh; width: 1vh; border-style: outset; border-width: 0.1vh; border-color: #749099; background-color: rgb(90, 105, 120);\\"> </div><div style=\\"height: 1vh; width: 1vh; border-style: outset; border-width: 0.1vh; border-color: #749099; background-color: rgb(90, 105, 120);\\"> </div><div style=\\"height: 1vh; width: 1vh; border-style: outset; border-width: 0.1vh; border-color: #749099; background-color: rgb(90, 105, 120);\\"> </div><div style=\\"height: 1vh; width: 1vh; border-style: outset; border-width: 0.1vh; border-color: #749099; background-color: rgb(90, 105, 120);\\"> </div><div style=\\"height: 1vh; width: 1vh; border-style: outset; border-width: 0.1vh; border-color: #749099; background-color: rgb(90, 105, 120);\\"> </div><div style=\\"height: 1vh; width: 1vh; border-style: outset; border-width: 0.1vh; border-color: #749099; background-color: rgb(90, 105, 120);\\"> </div><div style=\\"height: 1vh; width: 1vh; border-style: outset; border-width: 0.1vh; border-color: #749099; background-color: rgb(90, 105, 120);\\"> </div><div style=\\"height: 1vh; width: 1vh; border-style: outset; border-width: 0.1vh; border-color: #749099; background-color: rgb(90, 105, 120);\\"> </div><div style=\\"height: 1vh; width: 1vh; border-style: outset; border-width: 0.1vh; border-color: #749099; background-color: rgb(90, 105, 120);\\"> </div><div style=\\"height: 1vh; width: 1vh; border-style: outset; border-width: 0.1vh; border-color: #749099; background-color: rgb(90, 105, 120);\\"> </div><div style=\\"height: 1vh; width: 1vh; border-style: outset; border-width: 0.1vh; border-color: #749099; background-color: rgb(90, 105, 120);\\"> </div><div style=\\"height: 1vh; width: 1vh; border-style: outset; border-width: 0.1vh; border-color: #749099; background-color: rgb(90, 105, 120);\\"> </div><div style=\\"height: 1vh; width: 1vh; border-style: outset; border-width: 0.1vh; border-color: #749099; background-color: rgb(90, 105, 120);\\"> </div><div style=\\"height: 1vh; width: 1vh; border-style: outset; border-width: 0.1vh; border-color: #749099; background-color: rgb(90, 105, 120);\\"> </div><div style=\\"height: 1vh; width: 1vh; border-style: outset; border-width: 0.1vh; border-color: #749099; background-color: rgb(90, 105, 120);\\"> </div><div style=\\"height: 1vh; width: 1vh; border-style: outset; border-width: 0.1vh; border-color: #749099; background-color: rgb(90, 105, 120);\\"> </div><div style=\\"height: 1vh; width: 1vh; border-style: outset; border-width: 0.1vh; border-color: #749099; background-color: rgb(90, 105, 120);\\"> </div><div style=\\"height: 1vh; width: 1vh; border-style: outset; border-width: 0.1vh; border-color: #749099; background-color: rgb(90, 105, 120);\\"> </div><div style=\\"height: 1vh; width: 1vh; border-style: outset; border-width: 0.1vh; border-color: #749099; background-color: rgb(90, 105, 120);\\"> </div><div style=\\"height: 1vh; width: 1vh; border-style: outset; border-width: 0.1vh; border-color: #749099; background-color: rgb(90, 105, 120);\\"> </div><div style=\\"height: 1vh; width: 1vh; border-style: outset; border-width: 0.1vh; border-color: #749099; background-color: rgb(90, 105, 120);\\"> </div><div style=\\"height: 1vh; width: 1vh; border-style: outset; border-width: 0.1vh; border-color: #749099; background-color: rgb(90, 105, 120);\\"> </div><div style=\\"height: 1vh; width: 1vh; border-style: outset; border-width: 0.1vh; border-color: #749099; background-color: rgb(90, 105, 120);\\"> </div><div style=\\"height: 1vh; width: 1vh; border-style: outset; border-width: 0.1vh; border-color: #749099; background-color: rgb(90, 105, 120);\\"> </div><div style=\\"height: 1vh; width: 1vh; border-style: outset; border-width: 0.1vh; border-color: #749099; background-color: rgb(90, 105, 120);\\"> </div><div style=\\"height: 1vh; width: 1vh; border-style: outset; border-width: 0.1vh; border-color: #749099; background-color: rgb(90, 105, 120);\\"> </div><div style=\\"height: 1vh; width: 1vh; border-style: outset; border-width: 0.1vh; border-color: #749099; background-color: rgb(90, 105, 120);\\"> </div><div style=\\"height: 1vh; width: 1vh; border-style: outset; border-width: 0.1vh; border-color: #749099; background-color: rgb(90, 105, 120);\\"> </div><div style=\\"height: 1vh; width: 1vh; border-style: outset; border-width: 0.1vh; border-color: #749099; background-color: rgb(90, 105, 120);\\"> </div><div style=\\"height: 1vh; width: 1vh; border-style: outset; border-width: 0.1vh; border-color: #749099; background-color: rgb(90, 105, 120);\\"> </div><div style=\\"height: 1vh; width: 1vh; border-style: outset; border-width: 0.1vh; border-color: #749099; background-color: rgb(90, 105, 120);\\"> </div><div style=\\"height: 1vh; width: 1vh; border-style: outset; border-width: 0.1vh; border-color: #749099; background-color: rgb(90, 105, 120);\\"> </div><div style=\\"height: 1vh; width: 1vh; border-style: outset; border-width: 0.1vh; border-color: #749099; background-color: rgb(90, 105, 120);\\"> </div><div style=\\"height: 1vh; width: 1vh; border-style: outset; border-width: 0.1vh; border-color: #749099; background-color: rgb(90, 105, 120);\\"> </div><div style=\\"height: 1vh; width: 1vh; border-style: outset; border-width: 0.1vh; border-color: #749099; background-color: rgb(90, 105, 120);\\"> </div><div style=\\"height: 1vh; width: 1vh; border-style: outset; border-width: 0.1vh; border-color: #749099; background-color: rgb(90, 105, 120);\\"> </div><div style=\\"height: 1vh; width: 1vh; border-style: outset; border-width: 0.1vh; border-color: #749099; background-color: rgb(90, 105, 120);\\"> </div><div style=\\"height: 1vh; width: 1vh; border-style: outset; border-width: 0.1vh; border-color: #749099; background-color: rgb(90, 105, 120);\\"> </div><div style=\\"height: 1vh; width: 1vh; border-style: outset; border-width: 0.1vh; border-color: #749099; background-color: rgb(90, 105, 120);\\"> </div><div style=\\"height: 1vh; width: 1vh; border-style: outset; border-width: 0.1vh; border-color: #749099; background-color: rgb(90, 105, 120);\\"> </div><div style=\\"height: 1vh; width: 1vh; border-style: outset; border-width: 0.1vh; border-color: #749099; background-color: rgb(90, 105, 120);\\"> </div><div style=\\"height: 1vh; width: 1vh; border-style: outset; border-width: 0.1vh; border-color: #749099; background-color: rgb(90, 105, 120);\\"> </div><div style=\\"height: 1vh; width: 1vh; border-style: outset; border-width: 0.1vh; border-color: #749099; background-color: rgb(90, 105, 120);\\"> </div><div style=\\"height: 1vh; width: 1vh; border-style: outset; border-width: 0.1vh; border-color: #749099; background-color: rgb(90, 105, 120);\\"> </div><div style=\\"height: 1vh; width: 1vh; border-style: outset; border-width: 0.1vh; border-color: #749099; background-color: rgb(90, 105, 120);\\"> </div><div style=\\"height: 1vh; width: 1vh; border-style: outset; border-width: 0.1vh; border-color: #749099; background-color: rgb(90, 105, 120);\\"> </div><div style=\\"height: 1vh; width: 1vh; border-style: outset; border-width: 0.1vh; border-color: #749099; background-color: rgb(90, 105, 120);\\"> </div><div style=\\"height: 1vh; width: 1vh; border-style: outset; border-width: 0.1vh; border-color: #749099; background-color: rgb(90, 105, 120);\\"> </div><div style=\\"height: 1vh; width: 1vh; border-style: outset; border-width: 0.1vh; border-color: #749099; background-color: rgb(90, 105, 120);\\"> </div><div style=\\"height: 1vh; width: 1vh; border-style: outset; border-width: 0.1vh; border-color: #749099; background-color: rgb(90, 105, 120);\\"> </div><div style=\\"height: 1vh; width: 1vh; border-style: outset; border-width: 0.1vh; border-color: #749099; background-color: rgb(90, 105, 120);\\"> </div><div style=\\"height: 1vh; width: 1vh; border-style: outset; border-width: 0.1vh; border-color: #749099; background-color: rgb(90, 105, 120);\\"> </div><div style=\\"height: 1vh; width: 1vh; border-style: outset; border-width: 0.1vh; border-color: #749099; background-color: rgb(90, 105, 120);\\"> </div><div style=\\"height: 1vh; width: 1vh; border-style: outset; border-width: 0.1vh; border-color: #749099; background-color: rgb(90, 105, 120);\\"> </div><div style=\\"height: 1vh; width: 1vh; border-style: outset; border-width: 0.1vh; border-color: #749099; background-color: rgb(90, 105, 120);\\"> </div><div style=\\"height: 1vh; width: 1vh; border-style: outset; border-width: 0.1vh; border-color: #749099; background-color: rgb(90, 105, 120);\\"> </div><div style=\\"height: 1vh; width: 1vh; border-style: outset; border-width: 0.1vh; border-color: #749099; background-color: rgb(90, 105, 120);\\"> </div><div style=\\"height: 1vh; width: 1vh; border-style: outset; border-width: 0.1vh; border-color: #749099; background-color: rgb(90, 105, 120);\\"> </div><div style=\\"height: 1vh; width: 1vh; border-style: outset; border-width: 0.1vh; border-color: #749099; background-color: rgb(90, 105, 120);\\"> </div><div style=\\"height: 1vh; width: 1vh; border-style: outset; border-width: 0.1vh; border-color: #749099; background-color: rgb(90, 105, 120);\\"> </div><div style=\\"height: 1vh; width: 1vh; border-style: outset; border-width: 0.1vh; border-color: #749099; background-color: rgb(90, 105, 120);\\"> </div><div style=\\"height: 1vh; width: 1vh; border-style: outset; border-width: 0.1vh; border-color: #749099; background-color: rgb(90, 105, 120);\\"> </div><div style=\\"height: 1vh; width: 1vh; border-style: outset; border-width: 0.1vh; border-color: #749099; background-color: rgb(90, 105, 120);\\"> </div><div style=\\"height: 1vh; width: 1vh; border-style: outset; border-width: 0.1vh; border-color: #749099; background-color: rgb(90, 105, 120);\\"> </div><div style=\\"height: 1vh; width: 1vh; border-style: outset; border-width: 0.1vh; border-color: #749099; background-color: rgb(90, 105, 120);\\"> </div><div style=\\"height: 1vh; width: 1vh; border-style: outset; border-width: 0.1vh; border-color: #749099; background-color: rgb(90, 105, 120);\\"> </div><div style=\\"height: 1vh; width: 1vh; border-style: outset; border-width: 0.1vh; border-color: #749099; background-color: rgb(90, 105, 120);\\"> </div><div style=\\"height: 1vh; width: 1vh; border-style: outset; border-width: 0.1vh; border-color: #749099; background-color: rgb(90, 105, 120);\\"> </div><div style=\\"height: 1vh; width: 1vh; border-style: outset; border-width: 0.1vh; border-color: #749099; background-color: rgb(90, 105, 120);\\"> </div><div style=\\"height: 1vh; width: 1vh; border-style: outset; border-width: 0.1vh; border-color: #749099; background-color: rgb(90, 105, 120);\\"> </div><div style=\\"height: 1vh; width: 1vh; border-style: outset; border-width: 0.1vh; border-color: #749099; background-color: rgb(90, 105, 120);\\"> </div><div style=\\"height: 1vh; width: 1vh; border-style: outset; border-width: 0.1vh; border-color: #749099; background-color: rgb(90, 105, 120);\\"> </div><div style=\\"height: 1vh; width: 1vh; border-style: outset; border-width: 0.1vh; border-color: #749099; background-color: rgb(90, 105, 120);\\"> </div><div style=\\"height: 1vh; width: 1vh; border-style: outset; border-width: 0.1vh; border-color: #749099; background-color: rgb(90, 105, 120);\\"> </div><div style=\\"height: 1vh; width: 1vh; border-style: outset; border-width: 0.1vh; border-color: #749099; background-color: rgb(90, 105, 120);\\"> </div><div style=\\"height: 1vh; width: 1vh; border-style: outset; border-width: 0.1vh; border-color: #749099; background-color: rgb(90, 105, 120);\\"> </div><div style=\\"height: 1vh; width: 1vh; border-style: outset; border-width: 0.1vh; border-color: #749099; background-color: rgb(90, 105, 120);\\"> </div><div style=\\"height: 1vh; width: 1vh; border-style: outset; border-width: 0.1vh; border-color: #749099; background-color: rgb(90, 105, 120);\\"> </div><div style=\\"height: 1vh; width: 1vh; border-style: outset; border-width: 0.1vh; border-color: #749099; background-color: rgb(90, 105, 120);\\"> </div><div style=\\"height: 1vh; width: 1vh; border-style: outset; border-width: 0.1vh; border-color: #749099; background-color: rgb(90, 105, 120);\\"> </div><div style=\\"height: 1vh; width: 1vh; border-style: outset; border-width: 0.1vh; border-color: #749099; background-color: rgb(90, 105, 120);\\"> </div><div style=\\"height: 1vh; width: 1vh; border-style: outset; border-width: 0.1vh; border-color: #749099; background-color: rgb(90, 105, 120);\\"> </div><div style=\\"height: 1vh; width: 1vh; border-style: outset; border-width: 0.1vh; border-color: #749099; background-color: rgb(90, 105, 120);\\"> </div><div style=\\"height: 1vh; width: 1vh; border-style: outset; border-width: 0.1vh; border-color: #749099; background-color: rgb(90, 105, 120);\\"> </div><div style=\\"height: 1vh; width: 1vh; border-style: outset; border-width: 0.1vh; border-color: #749099; background-color: rgb(90, 105, 120);\\"> </div><div style=\\"height: 1vh; width: 1vh; border-style: outset; border-width: 0.1vh; border-color: #749099; background-color: rgb(90, 105, 120);\\"> </div><div style=\\"height: 1vh; width: 1vh; border-style: outset; border-width: 0.1vh; border-color: #749099; background-color: rgb(90, 105, 120);\\"> </div><div style=\\"height: 1vh; width: 1vh; border-style: outset; border-width: 0.1vh; border-color: #749099; background-color: rgb(90, 105, 120);\\"> </div><div style=\\"height: 1vh; width: 1vh; border-style: outset; border-width: 0.1vh; border-color: #749099; background-color: rgb(90, 105, 120);\\"> </div><div style=\\"height: 1vh; width: 1vh; border-style: outset; border-width: 0.1vh; border-color: #749099; background-color: rgb(90, 105, 120);\\"> </div><div style=\\"height: 1vh; width: 1vh; border-style: outset; border-width: 0.1vh; border-color: #749099; background-color: rgb(90, 105, 120);\\"> </div><div style=\\"height: 1vh; width: 1vh; border-style: outset; border-width: 0.1vh; border-color: #749099; background-color: rgb(90, 105, 120);\\"> </div><div style=\\"height: 1vh; width: 1vh; border-style: outset; border-width: 0.1vh; border-color: #749099; background-color: rgb(90, 105, 120);\\"> </div><div style=\\"height: 1vh; width: 1vh; border-style: outset; border-width: 0.1vh; border-color: #749099; background-color: rgb(90, 105, 120);\\"> </div><div style=\\"height: 1vh; width: 1vh; border-style: outset; border-width: 0.1vh; border-color: #749099; background-color: rgb(90, 105, 120);\\"> </div><div style=\\"height: 1vh; width: 1vh; border-style: outset; border-width: 0.1vh; border-color: #749099; background-color: rgb(90, 105, 120);\\"> </div><div style=\\"height: 1vh; width: 1vh; border-style: outset; border-width: 0.1vh; border-color: #749099; background-color: rgb(90, 105, 120);\\"> </div><div style=\\"height: 1vh; width: 1vh; border-style: outset; border-width: 0.1vh; border-color: #749099; background-color: rgb(90, 105, 120);\\"> </div><div style=\\"height: 1vh; width: 1vh; border-style: outset; border-width: 0.1vh; border-color: #749099; background-color: rgb(90, 105, 120);\\"> </div><div style=\\"height: 1vh; width: 1vh; border-style: outset; border-width: 0.1vh; border-color: #749099; background-color: rgb(90, 105, 120);\\"> </div><div style=\\"height: 1vh; width: 1vh; border-style: outset; border-width: 0.1vh; border-color: #749099; background-color: rgb(90, 105, 120);\\"> </div><div style=\\"height: 1vh; width: 1vh; border-style: outset; border-width: 0.1vh; border-color: #749099; background-color: rgb(90, 105, 120);\\"> </div><div style=\\"height: 1vh; width: 1vh; border-style: outset; border-width: 0.1vh; border-color: #749099; background-color: rgb(90, 105, 120);\\"> </div><div style=\\"height: 1vh; width: 1vh; border-style: outset; border-width: 0.1vh; border-color: #749099; background-color: rgb(90, 105, 120);\\"> </div><div style=\\"height: 1vh; width: 1vh; border-style: outset; border-width: 0.1vh; border-color: #749099; background-color: rgb(90, 105, 120);\\"> </div><div style=\\"height: 1vh; width: 1vh; border-style: outset; border-width: 0.1vh; border-color: #749099; background-color: rgb(90, 105, 120);\\"> </div><div style=\\"height: 1vh; width: 1vh; border-style: outset; border-width: 0.1vh; border-color: #749099; background-color: rgb(90, 105, 120);\\"> </div><div style=\\"height: 1vh; width: 1vh; border-style: outset; border-width: 0.1vh; border-color: #749099; background-color: rgb(90, 105, 120);\\"> </div><div style=\\"height: 1vh; width: 1vh; border-style: outset; border-width: 0.1vh; border-color: #749099; background-color: rgb(90, 105, 120);\\"> </div><div style=\\"height: 1vh; width: 1vh; border-style: outset; border-width: 0.1vh; border-color: #749099; background-color: rgb(90, 105, 120);\\"> </div><div style=\\"height: 1vh; width: 1vh; border-style: outset; border-width: 0.1vh; border-color: #749099; background-color: rgb(90, 105, 120);\\"> </div><div style=\\"height: 1vh; width: 1vh; border-style: outset; border-width: 0.1vh; border-color: #749099; background-color: rgb(90, 105, 120);\\"> </div><div style=\\"height: 1vh; width: 1vh; border-style: outset; border-width: 0.1vh; border-color: #749099; background-color: rgb(90, 105, 120);\\"> </div><div style=\\"height: 1vh; width: 1vh; border-style: outset; border-width: 0.1vh; border-color: #749099; background-color: rgb(90, 105, 120);\\"> </div><div style=\\"height: 1vh; width: 1vh; border-style: outset; border-width: 0.1vh; border-color: #749099; background-color: rgb(90, 105, 120);\\"> </div><div style=\\"height: 1vh; width: 1vh; border-style: outset; border-width: 0.1vh; border-color: #749099; background-color: rgb(90, 105, 120);\\"> </div><div style=\\"height: 1vh; width: 1vh; border-style: outset; border-width: 0.1vh; border-color: #749099; background-color: rgb(90, 105, 120);\\"> </div><div style=\\"height: 1vh; width: 1vh; border-style: outset; border-width: 0.1vh; border-color: #749099; background-color: rgb(90, 105, 120);\\"> </div><div style=\\"height: 1vh; width: 1vh; border-style: outset; border-width: 0.1vh; border-color: #749099; background-color: rgb(90, 105, 120);\\"> </div><div style=\\"height: 1vh; width: 1vh; border-style: outset; border-width: 0.1vh; border-color: #749099; background-color: rgb(90, 105, 120);\\"> </div><div style=\\"height: 1vh; width: 1vh; border-style: outset; border-width: 0.1vh; border-color: #749099; background-color: rgb(90, 105, 120);\\"> </div><div style=\\"height: 1vh; width: 1vh; border-style: outset; border-width: 0.1vh; border-color: #749099; background-color: rgb(90, 105, 120);\\"> </div><div style=\\"height: 1vh; width: 1vh; border-style: outset; border-width: 0.1vh; border-color: #749099; background-color: rgb(90, 105, 120);\\"> </div><div style=\\"height: 1vh; width: 1vh; border-style: outset; border-width: 0.1vh; border-color: #749099; background-color: rgb(90, 105, 120);\\"> </div><div style=\\"height: 1vh; width: 1vh; border-style: outset; border-width: 0.1vh; border-color: #749099; background-color: rgb(90, 105, 120);\\"> </div><div style=\\"height: 1vh; width: 1vh; border-style: outset; border-width: 0.1vh; border-color: #749099; background-color: rgb(90, 105, 120);\\"> </div><div style=\\"height: 1vh; width: 1vh; border-style: outset; border-width: 0.1vh; border-color: #749099; background-color: rgb(90, 105, 120);\\"> </div><div style=\\"height: 1vh; width: 1vh; border-style: outset; border-width: 0.1vh; border-color: #749099; background-color: rgb(90, 105, 120);\\"> </div><div style=\\"height: 1vh; width: 1vh; border-style: outset; border-width: 0.1vh; border-color: #749099; background-color: rgb(90, 105, 120);\\"> </div><div style=\\"height: 1vh; width: 1vh; border-style: outset; border-width: 0.1vh; border-color: #749099; background-color: rgb(90, 105, 120);\\"> </div><div style=\\"height: 1vh; width: 1vh; border-style: outset; border-width: 0.1vh; border-color: #749099; background-color: rgb(90, 105, 120);\\"> </div><div style=\\"height: 1vh; width: 1vh; border-style: outset; border-width: 0.1vh; border-color: #749099; background-color: rgb(90, 105, 120);\\"> </div><div style=\\"height: 1vh; width: 1vh; border-style: outset; border-width: 0.1vh; border-color: #749099; background-color: rgb(90, 105, 120);\\"> </div><div style=\\"height: 1vh; width: 1vh; border-style: outset; border-width: 0.1vh; border-color: #749099; background-color: rgb(90, 105, 120);\\"> </div><div style=\\"height: 1vh; width: 1vh; border-style: outset; border-width: 0.1vh; border-color: #749099; background-color: rgb(90, 105, 120);\\"> </div><div style=\\"height: 1vh; width: 1vh; border-style: outset; border-width: 0.1vh; border-color: #749099; background-color: rgb(90, 105, 120);\\"> </div><div style=\\"height: 1vh; width: 1vh; border-style: outset; border-width: 0.1vh; border-color: #749099; background-color: rgb(90, 105, 120);\\"> </div><div style=\\"height: 1vh; width: 1vh; border-style: outset; border-width: 0.1vh; border-color: #749099; background-color: rgb(90, 105, 120);\\"> </div><div style=\\"height: 1vh; width: 1vh; border-style: outset; border-width: 0.1vh; border-color: #749099; background-color: rgb(90, 105, 120);\\"> </div><div style=\\"height: 1vh; width: 1vh; border-style: outset; border-width: 0.1vh; border-color: #749099; background-color: rgb(90, 105, 120);\\"> </div><div style=\\"height: 1vh; width: 1vh; border-style: outset; border-width: 0.1vh; border-color: #749099; background-color: rgb(90, 105, 120);\\"> </div><div style=\\"height: 1vh; width: 1vh; border-style: outset; border-width: 0.1vh; border-color: #749099; background-color: rgb(90, 105, 120);\\"> </div><div style=\\"height: 1vh; width: 1vh; border-style: outset; border-width: 0.1vh; border-color: #749099; background-color: rgb(90, 105, 120);\\"> </div><div style=\\"height: 1vh; width: 1vh; border-style: outset; border-width: 0.1vh; border-color: #749099; background-color: rgb(90, 105, 120);\\"> </div><div style=\\"height: 1vh; width: 1vh; border-style: outset; border-width: 0.1vh; border-color: #749099; background-color: rgb(90, 105, 120);\\"> </div><div style=\\"height: 1vh; width: 1vh; border-style: outset; border-width: 0.1vh; border-color: #749099; background-color: rgb(90, 105, 120);\\"> </div><div style=\\"height: 1vh; width: 1vh; border-style: outset; border-width: 0.1vh; border-color: #749099; background-color: rgb(90, 105, 120);\\"> </div><div style=\\"height: 1vh; width: 1vh; border-style: outset; border-width: 0.1vh; border-color: #749099; background-color: rgb(90, 105, 120);\\"> </div><div style=\\"height: 1vh; width: 1vh; border-style: outset; border-width: 0.1vh; border-color: #749099; background-color: rgb(90, 105, 120);\\"> </div><div style=\\"height: 1vh; width: 1vh; border-style: outset; border-width: 0.1vh; border-color: #749099; background-color: rgb(90, 105, 120);\\"> </div><div style=\\"height: 1vh; width: 1vh; border-style: outset; border-width: 0.1vh; border-color: #749099; background-color: rgb(90, 105, 120);\\"> </div><div style=\\"height: 1vh; width: 1vh; border-style: outset; border-width: 0.1vh; border-color: #749099; background-color: rgb(90, 105, 120);\\"> </div><div style=\\"height: 1vh; width: 1vh; border-style: outset; border-width: 0.1vh; border-color: #749099; background-color: rgb(90, 105, 120);\\"> </div><div style=\\"height: 1vh; width: 1vh; border-style: outset; border-width: 0.1vh; border-color: #749099; background-color: rgb(90, 105, 120);\\"> </div><div style=\\"height: 1vh; width: 1vh; border-style: outset; border-width: 0.1vh; border-color: #749099; background-color: rgb(90, 105, 120);\\"> </div><div style=\\"height: 1vh; width: 1vh; border-style: outset; border-width: 0.1vh; border-color: #749099; background-color: rgb(90, 105, 120);\\"> </div><div style=\\"height: 1vh; width: 1vh; border-style: outset; border-width: 0.1vh; border-color: #749099; background-color: rgb(90, 105, 120);\\"> </div><div style=\\"height: 1vh; width: 1vh; border-style: outset; border-width: 0.1vh; border-color: #749099; background-color: rgb(90, 105, 120);\\"> </div><div style=\\"height: 1vh; width: 1vh; border-style: outset; border-width: 0.1vh; border-color: #749099; background-color: rgb(90, 105, 120);\\"> </div><div style=\\"height: 1vh; width: 1vh; border-style: outset; border-width: 0.1vh; border-color: #749099; background-color: rgb(255, 255, 255);\\"> </div><div style=\\"height: 1vh; width: 1vh; border-style: outset; border-width: 0.1vh; border-color: #749099; background-color: rgb(255, 255, 255);\\"> </div><div style=\\"height: 1vh; width: 1vh; border-style: outset; border-width: 0.1vh; border-color: #749099; background-color: rgb(255, 255, 255);\\"> </div><div style=\\"height: 1vh; width: 1vh; border-style: outset; border-width: 0.1vh; border-color: #749099; background-color: rgb(255, 255, 255);\\"> </div><div style=\\"height: 1vh; width: 1vh; border-style: outset; border-width: 0.1vh; border-color: #749099; background-color: rgb(90, 105, 120);\\"> </div><div style=\\"height: 1vh; width: 1vh; border-style: outset; border-width: 0.1vh; border-color: #749099; background-color: rgb(90, 105, 120);\\"> </div><div style=\\"height: 1vh; width: 1vh; border-style: outset; border-width: 0.1vh; border-color: #749099; background-color: rgb(255, 255, 255);\\"> </div><div style=\\"height: 1vh; width: 1vh; border-style: outset; border-width: 0.1vh; border-color: #749099; background-color: rgb(255, 255, 255);\\"> </div><div style=\\"height: 1vh; width: 1vh; border-style: outset; border-width: 0.1vh; border-color: #749099; background-color: rgb(255, 255, 255);\\"> </div><div style=\\"height: 1vh; width: 1vh; border-style: outset; border-width: 0.1vh; border-color: #749099; background-color: rgb(255, 255, 255);\\"> </div><div style=\\"height: 1vh; width: 1vh; border-style: outset; border-width: 0.1vh; border-color: #749099; background-color: rgb(255, 255, 255);\\"> </div><div style=\\"height: 1vh; width: 1vh; border-style: outset; border-width: 0.1vh; border-color: #749099; background-color: rgb(255, 255, 255);\\"> </div><div style=\\"height: 1vh; width: 1vh; border-style: outset; border-width: 0.1vh; border-color: #749099; background-color: rgb(255, 255, 255);\\"> </div><div style=\\"height: 1vh; width: 1vh; border-style: outset; border-width: 0.1vh; border-color: #749099; background-color: rgb(90, 105, 120);\\"> </div></div></div></div></div>"`;
