// Jest Snapshot v1, https://goo.gl/fbAQLP

exports[`<Login /> no click basic test 1`] = `"<div style=\\"position: fixed; display: flex; flex-direction: column; justify-content: center; align-items: center; top: 0px; left: 0px; right: 0px; bottom: 0px;\\"><div style=\\"padding: 20px; background-color: rgb(11, 29, 45);\\"><form style=\\"display: flex; flex-direction: column; align-items: center;\\"><label style=\\"margin: 3vh 0px 1vh 0px; color: rgb(97, 218, 251); font-family: Permanent Marker; font-size: 3vh; font-weight: 300; text-align: center;\\">ENTER A USERNAME</label><input type=\\"text\\" id=\\"username\\" required=\\"\\"><label style=\\"margin: 3vh 0px 1vh 0px; color: rgb(97, 218, 251); font-family: Permanent Marker; font-size: 3vh; font-weight: 300; text-align: center;\\">ENTER A ROOM</label><input type=\\"text\\" id=\\"room\\" required=\\"\\"><button style=\\"width: 15vh; margin-top: 1vh; font-size: 2vh; font-weight: 300; text-align: center;\\" type=\\"submit\\">Join game</button></form><div style=\\"background-color: rgba(255, 255, 255, 0.5); position: fixed; display: flex; justify-content: center; align-items: center; top: 0px; left: 0px; right: 0px; bottom: 0px;\\"><div style=\\"position: absolute; display: flex; flex-direction: column; padding: 10px; background-color: rgb(11, 29, 45);\\"><button style=\\"align-self: flex-end; background-color: white; height: 30px; width: 30px; border-radius: 15px;\\"><p style=\\"font-size: 20px; color: red; font-family: sans-serif; margin: 0px;\\">x</p></button><p style=\\"color: rgb(97, 218, 251); font-family: sans-serif; margin: 10px 20px 10px 20px;\\">room is full</p></div></div></div><div style=\\"display: flex; justify-content: center; align-items: center; position: absolute; bottom: 0px; width: 100%; height: 14.24vh; color: rgb(97, 218, 251);\\"><p style=\\"font-family: Permanent Marker; font-size: 3vh; font-weight: 300; color: rgb(97, 218, 251); margin-right: 2vh;\\">befuhro &amp; eruaud</p><img src=\\"\\" style=\\"height: 10vh; margin-left: 2vh;\\" alt=\\"le-101-logo\\"></div></div>"`;
