// Jest Snapshot v1, https://goo.gl/fbAQLP

exports[`<PopUp /> basic test 1`] = `"<div style=\\"background-color: rgba(255, 255, 255, 0.5); position: fixed; display: flex; justify-content: center; align-items: center; top: 0px; left: 0px; right: 0px; bottom: 0px;\\"><div style=\\"position: absolute; display: flex; flex-direction: column; padding: 10px; background-color: rgb(11, 29, 45);\\"><button style=\\"align-self: flex-end; background-color: white; height: 30px; width: 30px; border-radius: 15px;\\"><p style=\\"font-size: 20px; color: red; font-family: sans-serif; margin: 0px;\\">x</p></button><p style=\\"color: rgb(97, 218, 251); font-family: sans-serif; margin: 10px 20px 10px 20px;\\">room is full</p></div></div>"`;
