// Jest Snapshot v1, https://goo.gl/fbAQLP

exports[`<Board> should render board 1`] = `"<div style=\\"width: 35vh; height: 80vh; margin: 2.7vh 0px 0px 0px; padding: 2vh 2vh 0px 2vh; display: flex; flex-direction: column; align-items: center; background-color: rgb(11, 29, 45); border-color: #0b1d2d; border-width: 1vh 2vh 0px 2vh; border-style: outset;\\" id=\\"env\\"><img src=\\"\\" class=\\"App-logo\\" alt=\\"react-logo\\"><h1 style=\\"font-family: Orbitron; font-weight: 500; font-size: 4vh; text-align: center; color: rgb(225, 48, 29);\\">RED TETRIS</h1><div style=\\"width: 29vh; height: 60vh; display: flex; flex-wrap: wrap; border-color: #0f1423; border-width: 2vh 2vh 1vh 2vh; border-radius: 1vh 1vh 0 0; border-style: inset;\\"><div style=\\"height: 2.5vh; width: 2.5vh; border-style: outset; border-width: 0.2vh; border-color: #749099; background-color: rgb(90, 105, 120);\\"> </div><div style=\\"height: 2.5vh; width: 2.5vh; border-style: outset; border-width: 0.2vh; border-color: #749099; background-color: rgb(90, 105, 120);\\"> </div><div style=\\"height: 2.5vh; width: 2.5vh; border-style: outset; border-width: 0.2vh; border-color: #749099; background-color: rgb(90, 105, 120);\\"> </div><div style=\\"height: 2.5vh; width: 2.5vh; border-style: outset; border-width: 0.2vh; border-color: #749099; background-color: rgb(90, 105, 120);\\"> </div><div style=\\"height: 2.5vh; width: 2.5vh; border-style: outset; border-width: 0.2vh; border-color: #749099; background-color: rgb(90, 105, 120);\\"> </div><div style=\\"height: 2.5vh; width: 2.5vh; border-style: outset; border-width: 0.2vh; border-color: #749099; background-color: rgb(90, 105, 120);\\"> </div><div style=\\"height: 2.5vh; width: 2.5vh; border-style: outset; border-width: 0.2vh; border-color: #749099; background-color: rgb(90, 105, 120);\\"> </div><div style=\\"height: 2.5vh; width: 2.5vh; border-style: outset; border-width: 0.2vh; border-color: #749099; background-color: rgb(90, 105, 120);\\"> </div><div style=\\"height: 2.5vh; width: 2.5vh; border-style: outset; border-width: 0.2vh; border-color: #749099; background-color: rgb(90, 105, 120);\\"> </div><div style=\\"height: 2.5vh; width: 2.5vh; border-style: outset; border-width: 0.2vh; border-color: #749099; background-color: rgb(90, 105, 120);\\"> </div><div style=\\"height: 2.5vh; width: 2.5vh; border-style: outset; border-width: 0.2vh; border-color: #749099; background-color: rgb(90, 105, 120);\\"> </div><div style=\\"height: 2.5vh; width: 2.5vh; border-style: outset; border-width: 0.2vh; border-color: #749099; background-color: rgb(90, 105, 120);\\"> </div><div style=\\"height: 2.5vh; width: 2.5vh; border-style: outset; border-width: 0.2vh; border-color: #749099; background-color: rgb(90, 105, 120);\\"> </div><div style=\\"height: 2.5vh; width: 2.5vh; border-style: outset; border-width: 0.2vh; border-color: #749099; background-color: rgb(90, 105, 120);\\"> </div><div style=\\"height: 2.5vh; width: 2.5vh; border-style: outset; border-width: 0.2vh; border-color: #749099; background-color: rgb(90, 105, 120);\\"> </div><div style=\\"height: 2.5vh; width: 2.5vh; border-style: outset; border-width: 0.2vh; border-color: #749099; background-color: rgb(90, 105, 120);\\"> </div><div style=\\"height: 2.5vh; width: 2.5vh; border-style: outset; border-width: 0.2vh; border-color: #749099; background-color: rgb(90, 105, 120);\\"> </div><div style=\\"height: 2.5vh; width: 2.5vh; border-style: outset; border-width: 0.2vh; border-color: #749099; background-color: rgb(90, 105, 120);\\"> </div><div style=\\"height: 2.5vh; width: 2.5vh; border-style: outset; border-width: 0.2vh; border-color: #749099; background-color: rgb(90, 105, 120);\\"> </div><div style=\\"height: 2.5vh; width: 2.5vh; border-style: outset; border-width: 0.2vh; border-color: #749099; background-color: rgb(90, 105, 120);\\"> </div><div style=\\"height: 2.5vh; width: 2.5vh; border-style: outset; border-width: 0.2vh; border-color: #749099; background-color: rgb(90, 105, 120);\\"> </div><div style=\\"height: 2.5vh; width: 2.5vh; border-style: outset; border-width: 0.2vh; border-color: #749099; background-color: rgb(90, 105, 120);\\"> </div><div style=\\"height: 2.5vh; width: 2.5vh; border-style: outset; border-width: 0.2vh; border-color: #749099; background-color: rgb(90, 105, 120);\\"> </div><div style=\\"height: 2.5vh; width: 2.5vh; border-style: outset; border-width: 0.2vh; border-color: #749099; background-color: rgb(90, 105, 120);\\"> </div><div style=\\"height: 2.5vh; width: 2.5vh; border-style: outset; border-width: 0.2vh; border-color: #749099; background-color: rgb(90, 105, 120);\\"> </div><div style=\\"height: 2.5vh; width: 2.5vh; border-style: outset; border-width: 0.2vh; border-color: #749099; background-color: rgb(90, 105, 120);\\"> </div><div style=\\"height: 2.5vh; width: 2.5vh; border-style: outset; border-width: 0.2vh; border-color: #749099; background-color: rgb(90, 105, 120);\\"> </div><div style=\\"height: 2.5vh; width: 2.5vh; border-style: outset; border-width: 0.2vh; border-color: #749099; background-color: rgb(90, 105, 120);\\"> </div><div style=\\"height: 2.5vh; width: 2.5vh; border-style: outset; border-width: 0.2vh; border-color: #749099; background-color: rgb(90, 105, 120);\\"> </div><div style=\\"height: 2.5vh; width: 2.5vh; border-style: outset; border-width: 0.2vh; border-color: #749099; background-color: rgb(90, 105, 120);\\"> </div><div style=\\"height: 2.5vh; width: 2.5vh; border-style: outset; border-width: 0.2vh; border-color: #749099; background-color: rgb(90, 105, 120);\\"> </div><div style=\\"height: 2.5vh; width: 2.5vh; border-style: outset; border-width: 0.2vh; border-color: #749099; background-color: rgb(90, 105, 120);\\"> </div><div style=\\"height: 2.5vh; width: 2.5vh; border-style: outset; border-width: 0.2vh; border-color: #749099; background-color: rgb(90, 105, 120);\\"> </div><div style=\\"height: 2.5vh; width: 2.5vh; border-style: outset; border-width: 0.2vh; border-color: #749099; background-color: rgb(90, 105, 120);\\"> </div><div style=\\"height: 2.5vh; width: 2.5vh; border-style: outset; border-width: 0.2vh; border-color: #749099; background-color: rgb(90, 105, 120);\\"> </div><div style=\\"height: 2.5vh; width: 2.5vh; border-style: outset; border-width: 0.2vh; border-color: #749099; background-color: rgb(90, 105, 120);\\"> </div><div style=\\"height: 2.5vh; width: 2.5vh; border-style: outset; border-width: 0.2vh; border-color: #749099; background-color: rgb(90, 105, 120);\\"> </div><div style=\\"height: 2.5vh; width: 2.5vh; border-style: outset; border-width: 0.2vh; border-color: #749099; background-color: rgb(90, 105, 120);\\"> </div><div style=\\"height: 2.5vh; width: 2.5vh; border-style: outset; border-width: 0.2vh; border-color: #749099; background-color: rgb(90, 105, 120);\\"> </div><div style=\\"height: 2.5vh; width: 2.5vh; border-style: outset; border-width: 0.2vh; border-color: #749099; background-color: rgb(90, 105, 120);\\"> </div><div style=\\"height: 2.5vh; width: 2.5vh; border-style: outset; border-width: 0.2vh; border-color: #749099; background-color: rgb(90, 105, 120);\\"> </div><div style=\\"height: 2.5vh; width: 2.5vh; border-style: outset; border-width: 0.2vh; border-color: #749099; background-color: rgb(90, 105, 120);\\"> </div><div style=\\"height: 2.5vh; width: 2.5vh; border-style: outset; border-width: 0.2vh; border-color: #749099; background-color: rgb(90, 105, 120);\\"> </div><div style=\\"height: 2.5vh; width: 2.5vh; border-style: outset; border-width: 0.2vh; border-color: #749099; background-color: rgb(90, 105, 120);\\"> </div><div style=\\"height: 2.5vh; width: 2.5vh; border-style: outset; border-width: 0.2vh; border-color: #749099; background-color: rgb(90, 105, 120);\\"> </div><div style=\\"height: 2.5vh; width: 2.5vh; border-style: outset; border-width: 0.2vh; border-color: #749099; background-color: rgb(90, 105, 120);\\"> </div><div style=\\"height: 2.5vh; width: 2.5vh; border-style: outset; border-width: 0.2vh; border-color: #749099; background-color: rgb(90, 105, 120);\\"> </div><div style=\\"height: 2.5vh; width: 2.5vh; border-style: outset; border-width: 0.2vh; border-color: #749099; background-color: rgb(90, 105, 120);\\"> </div><div style=\\"height: 2.5vh; width: 2.5vh; border-style: outset; border-width: 0.2vh; border-color: #749099; background-color: rgb(90, 105, 120);\\"> </div><div style=\\"height: 2.5vh; width: 2.5vh; border-style: outset; border-width: 0.2vh; border-color: #749099; background-color: rgb(90, 105, 120);\\"> </div><div style=\\"height: 2.5vh; width: 2.5vh; border-style: outset; border-width: 0.2vh; border-color: #749099; background-color: rgb(90, 105, 120);\\"> </div><div style=\\"height: 2.5vh; width: 2.5vh; border-style: outset; border-width: 0.2vh; border-color: #749099; background-color: rgb(90, 105, 120);\\"> </div><div style=\\"height: 2.5vh; width: 2.5vh; border-style: outset; border-width: 0.2vh; border-color: #749099; background-color: rgb(90, 105, 120);\\"> </div><div style=\\"height: 2.5vh; width: 2.5vh; border-style: outset; border-width: 0.2vh; border-color: #749099; background-color: rgb(90, 105, 120);\\"> </div><div style=\\"height: 2.5vh; width: 2.5vh; border-style: outset; border-width: 0.2vh; border-color: #749099; background-color: rgb(90, 105, 120);\\"> </div><div style=\\"height: 2.5vh; width: 2.5vh; border-style: outset; border-width: 0.2vh; border-color: #749099; background-color: rgb(90, 105, 120);\\"> </div><div style=\\"height: 2.5vh; width: 2.5vh; border-style: outset; border-width: 0.2vh; border-color: #749099; background-color: rgb(90, 105, 120);\\"> </div><div style=\\"height: 2.5vh; width: 2.5vh; border-style: outset; border-width: 0.2vh; border-color: #749099; background-color: rgb(90, 105, 120);\\"> </div><div style=\\"height: 2.5vh; width: 2.5vh; border-style: outset; border-width: 0.2vh; border-color: #749099; background-color: rgb(90, 105, 120);\\"> </div><div style=\\"height: 2.5vh; width: 2.5vh; border-style: outset; border-width: 0.2vh; border-color: #749099; background-color: rgb(90, 105, 120);\\"> </div><div style=\\"height: 2.5vh; width: 2.5vh; border-style: outset; border-width: 0.2vh; border-color: #749099; background-color: rgb(90, 105, 120);\\"> </div><div style=\\"height: 2.5vh; width: 2.5vh; border-style: outset; border-width: 0.2vh; border-color: #749099; background-color: rgb(90, 105, 120);\\"> </div><div style=\\"height: 2.5vh; width: 2.5vh; border-style: outset; border-width: 0.2vh; border-color: #749099; background-color: rgb(90, 105, 120);\\"> </div><div style=\\"height: 2.5vh; width: 2.5vh; border-style: outset; border-width: 0.2vh; border-color: #749099; background-color: rgb(90, 105, 120);\\"> </div><div style=\\"height: 2.5vh; width: 2.5vh; border-style: outset; border-width: 0.2vh; border-color: #749099; background-color: rgb(90, 105, 120);\\"> </div><div style=\\"height: 2.5vh; width: 2.5vh; border-style: outset; border-width: 0.2vh; border-color: #749099; background-color: rgb(90, 105, 120);\\"> </div><div style=\\"height: 2.5vh; width: 2.5vh; border-style: outset; border-width: 0.2vh; border-color: #749099; background-color: rgb(90, 105, 120);\\"> </div><div style=\\"height: 2.5vh; width: 2.5vh; border-style: outset; border-width: 0.2vh; border-color: #749099; background-color: rgb(90, 105, 120);\\"> </div><div style=\\"height: 2.5vh; width: 2.5vh; border-style: outset; border-width: 0.2vh; border-color: #749099; background-color: rgb(90, 105, 120);\\"> </div><div style=\\"height: 2.5vh; width: 2.5vh; border-style: outset; border-width: 0.2vh; border-color: #749099; background-color: rgb(90, 105, 120);\\"> </div><div style=\\"height: 2.5vh; width: 2.5vh; border-style: outset; border-width: 0.2vh; border-color: #749099; background-color: rgb(90, 105, 120);\\"> </div><div style=\\"height: 2.5vh; width: 2.5vh; border-style: outset; border-width: 0.2vh; border-color: #749099; background-color: rgb(90, 105, 120);\\"> </div><div style=\\"height: 2.5vh; width: 2.5vh; border-style: outset; border-width: 0.2vh; border-color: #749099; background-color: rgb(90, 105, 120);\\"> </div><div style=\\"height: 2.5vh; width: 2.5vh; border-style: outset; border-width: 0.2vh; border-color: #749099; background-color: rgb(90, 105, 120);\\"> </div><div style=\\"height: 2.5vh; width: 2.5vh; border-style: outset; border-width: 0.2vh; border-color: #749099; background-color: rgb(90, 105, 120);\\"> </div><div style=\\"height: 2.5vh; width: 2.5vh; border-style: outset; border-width: 0.2vh; border-color: #749099; background-color: rgb(90, 105, 120);\\"> </div><div style=\\"height: 2.5vh; width: 2.5vh; border-style: outset; border-width: 0.2vh; border-color: #749099; background-color: rgb(90, 105, 120);\\"> </div><div style=\\"height: 2.5vh; width: 2.5vh; border-style: outset; border-width: 0.2vh; border-color: #749099; background-color: rgb(90, 105, 120);\\"> </div><div style=\\"height: 2.5vh; width: 2.5vh; border-style: outset; border-width: 0.2vh; border-color: #749099; background-color: rgb(90, 105, 120);\\"> </div><div style=\\"height: 2.5vh; width: 2.5vh; border-style: outset; border-width: 0.2vh; border-color: #749099; background-color: rgb(90, 105, 120);\\"> </div><div style=\\"height: 2.5vh; width: 2.5vh; border-style: outset; border-width: 0.2vh; border-color: #749099; background-color: rgb(90, 105, 120);\\"> </div><div style=\\"height: 2.5vh; width: 2.5vh; border-style: outset; border-width: 0.2vh; border-color: #749099; background-color: rgb(90, 105, 120);\\"> </div><div style=\\"height: 2.5vh; width: 2.5vh; border-style: outset; border-width: 0.2vh; border-color: #749099; background-color: rgb(90, 105, 120);\\"> </div><div style=\\"height: 2.5vh; width: 2.5vh; border-style: outset; border-width: 0.2vh; border-color: #749099; background-color: rgb(90, 105, 120);\\"> </div><div style=\\"height: 2.5vh; width: 2.5vh; border-style: outset; border-width: 0.2vh; border-color: #749099; background-color: rgb(90, 105, 120);\\"> </div><div style=\\"height: 2.5vh; width: 2.5vh; border-style: outset; border-width: 0.2vh; border-color: #749099; background-color: rgb(90, 105, 120);\\"> </div><div style=\\"height: 2.5vh; width: 2.5vh; border-style: outset; border-width: 0.2vh; border-color: #749099; background-color: rgb(90, 105, 120);\\"> </div><div style=\\"height: 2.5vh; width: 2.5vh; border-style: outset; border-width: 0.2vh; border-color: #749099; background-color: rgb(90, 105, 120);\\"> </div><div style=\\"height: 2.5vh; width: 2.5vh; border-style: outset; border-width: 0.2vh; border-color: #749099; background-color: rgb(90, 105, 120);\\"> </div><div style=\\"height: 2.5vh; width: 2.5vh; border-style: outset; border-width: 0.2vh; border-color: #749099; background-color: rgb(90, 105, 120);\\"> </div><div style=\\"height: 2.5vh; width: 2.5vh; border-style: outset; border-width: 0.2vh; border-color: #749099; background-color: rgb(90, 105, 120);\\"> </div><div style=\\"height: 2.5vh; width: 2.5vh; border-style: outset; border-width: 0.2vh; border-color: #749099; background-color: rgb(90, 105, 120);\\"> </div><div style=\\"height: 2.5vh; width: 2.5vh; border-style: outset; border-width: 0.2vh; border-color: #749099; background-color: rgb(90, 105, 120);\\"> </div><div style=\\"height: 2.5vh; width: 2.5vh; border-style: outset; border-width: 0.2vh; border-color: #749099; background-color: rgb(90, 105, 120);\\"> </div><div style=\\"height: 2.5vh; width: 2.5vh; border-style: outset; border-width: 0.2vh; border-color: #749099; background-color: rgb(90, 105, 120);\\"> </div><div style=\\"height: 2.5vh; width: 2.5vh; border-style: outset; border-width: 0.2vh; border-color: #749099; background-color: rgb(90, 105, 120);\\"> </div><div style=\\"height: 2.5vh; width: 2.5vh; border-style: outset; border-width: 0.2vh; border-color: #749099; background-color: rgb(90, 105, 120);\\"> </div><div style=\\"height: 2.5vh; width: 2.5vh; border-style: outset; border-width: 0.2vh; border-color: #749099; background-color: rgb(90, 105, 120);\\"> </div><div style=\\"height: 2.5vh; width: 2.5vh; border-style: outset; border-width: 0.2vh; border-color: #749099; background-color: rgb(90, 105, 120);\\"> </div><div style=\\"height: 2.5vh; width: 2.5vh; border-style: outset; border-width: 0.2vh; border-color: #749099; background-color: rgb(90, 105, 120);\\"> </div><div style=\\"height: 2.5vh; width: 2.5vh; border-style: outset; border-width: 0.2vh; border-color: #749099; background-color: rgb(90, 105, 120);\\"> </div><div style=\\"height: 2.5vh; width: 2.5vh; border-style: outset; border-width: 0.2vh; border-color: #749099; background-color: rgb(90, 105, 120);\\"> </div><div style=\\"height: 2.5vh; width: 2.5vh; border-style: outset; border-width: 0.2vh; border-color: #749099; background-color: rgb(90, 105, 120);\\"> </div><div style=\\"height: 2.5vh; width: 2.5vh; border-style: outset; border-width: 0.2vh; border-color: #749099; background-color: rgb(90, 105, 120);\\"> </div><div style=\\"height: 2.5vh; width: 2.5vh; border-style: outset; border-width: 0.2vh; border-color: #749099; background-color: rgb(90, 105, 120);\\"> </div><div style=\\"height: 2.5vh; width: 2.5vh; border-style: outset; border-width: 0.2vh; border-color: #749099; background-color: rgb(90, 105, 120);\\"> </div><div style=\\"height: 2.5vh; width: 2.5vh; border-style: outset; border-width: 0.2vh; border-color: #749099; background-color: rgb(90, 105, 120);\\"> </div><div style=\\"height: 2.5vh; width: 2.5vh; border-style: outset; border-width: 0.2vh; border-color: #749099; background-color: rgb(90, 105, 120);\\"> </div><div style=\\"height: 2.5vh; width: 2.5vh; border-style: outset; border-width: 0.2vh; border-color: #749099; background-color: rgb(90, 105, 120);\\"> </div><div style=\\"height: 2.5vh; width: 2.5vh; border-style: outset; border-width: 0.2vh; border-color: #749099; background-color: rgb(90, 105, 120);\\"> </div><div style=\\"height: 2.5vh; width: 2.5vh; border-style: outset; border-width: 0.2vh; border-color: #749099; background-color: rgb(90, 105, 120);\\"> </div><div style=\\"height: 2.5vh; width: 2.5vh; border-style: outset; border-width: 0.2vh; border-color: #749099; background-color: rgb(90, 105, 120);\\"> </div><div style=\\"height: 2.5vh; width: 2.5vh; border-style: outset; border-width: 0.2vh; border-color: #749099; background-color: rgb(90, 105, 120);\\"> </div><div style=\\"height: 2.5vh; width: 2.5vh; border-style: outset; border-width: 0.2vh; border-color: #749099; background-color: rgb(90, 105, 120);\\"> </div><div style=\\"height: 2.5vh; width: 2.5vh; border-style: outset; border-width: 0.2vh; border-color: #749099; background-color: rgb(90, 105, 120);\\"> </div><div style=\\"height: 2.5vh; width: 2.5vh; border-style: outset; border-width: 0.2vh; border-color: #749099; background-color: rgb(90, 105, 120);\\"> </div><div style=\\"height: 2.5vh; width: 2.5vh; border-style: outset; border-width: 0.2vh; border-color: #749099; background-color: rgb(90, 105, 120);\\"> </div><div style=\\"height: 2.5vh; width: 2.5vh; border-style: outset; border-width: 0.2vh; border-color: #749099; background-color: rgb(90, 105, 120);\\"> </div><div style=\\"height: 2.5vh; width: 2.5vh; border-style: outset; border-width: 0.2vh; border-color: #749099; background-color: rgb(90, 105, 120);\\"> </div><div style=\\"height: 2.5vh; width: 2.5vh; border-style: outset; border-width: 0.2vh; border-color: #749099; background-color: rgb(90, 105, 120);\\"> </div><div style=\\"height: 2.5vh; width: 2.5vh; border-style: outset; border-width: 0.2vh; border-color: #749099; background-color: rgb(90, 105, 120);\\"> </div><div style=\\"height: 2.5vh; width: 2.5vh; border-style: outset; border-width: 0.2vh; border-color: #749099; background-color: rgb(90, 105, 120);\\"> </div><div style=\\"height: 2.5vh; width: 2.5vh; border-style: outset; border-width: 0.2vh; border-color: #749099; background-color: rgb(90, 105, 120);\\"> </div><div style=\\"height: 2.5vh; width: 2.5vh; border-style: outset; border-width: 0.2vh; border-color: #749099; background-color: rgb(90, 105, 120);\\"> </div><div style=\\"height: 2.5vh; width: 2.5vh; border-style: outset; border-width: 0.2vh; border-color: #749099; background-color: rgb(90, 105, 120);\\"> </div><div style=\\"height: 2.5vh; width: 2.5vh; border-style: outset; border-width: 0.2vh; border-color: #749099; background-color: rgb(90, 105, 120);\\"> </div><div style=\\"height: 2.5vh; width: 2.5vh; border-style: outset; border-width: 0.2vh; border-color: #749099; background-color: rgb(90, 105, 120);\\"> </div><div style=\\"height: 2.5vh; width: 2.5vh; border-style: outset; border-width: 0.2vh; border-color: #749099; background-color: rgb(90, 105, 120);\\"> </div><div style=\\"height: 2.5vh; width: 2.5vh; border-style: outset; border-width: 0.2vh; border-color: #749099; background-color: rgb(90, 105, 120);\\"> </div><div style=\\"height: 2.5vh; width: 2.5vh; border-style: outset; border-width: 0.2vh; border-color: #749099; background-color: rgb(90, 105, 120);\\"> </div><div style=\\"height: 2.5vh; width: 2.5vh; border-style: outset; border-width: 0.2vh; border-color: #749099; background-color: rgb(90, 105, 120);\\"> </div><div style=\\"height: 2.5vh; width: 2.5vh; border-style: outset; border-width: 0.2vh; border-color: #749099; background-color: rgb(90, 105, 120);\\"> </div><div style=\\"height: 2.5vh; width: 2.5vh; border-style: outset; border-width: 0.2vh; border-color: #749099; background-color: rgb(90, 105, 120);\\"> </div><div style=\\"height: 2.5vh; width: 2.5vh; border-style: outset; border-width: 0.2vh; border-color: #749099; background-color: rgb(90, 105, 120);\\"> </div><div style=\\"height: 2.5vh; width: 2.5vh; border-style: outset; border-width: 0.2vh; border-color: #749099; background-color: rgb(90, 105, 120);\\"> </div><div style=\\"height: 2.5vh; width: 2.5vh; border-style: outset; border-width: 0.2vh; border-color: #749099; background-color: rgb(90, 105, 120);\\"> </div><div style=\\"height: 2.5vh; width: 2.5vh; border-style: outset; border-width: 0.2vh; border-color: #749099; background-color: rgb(90, 105, 120);\\"> </div><div style=\\"height: 2.5vh; width: 2.5vh; border-style: outset; border-width: 0.2vh; border-color: #749099; background-color: rgb(90, 105, 120);\\"> </div><div style=\\"height: 2.5vh; width: 2.5vh; border-style: outset; border-width: 0.2vh; border-color: #749099; background-color: rgb(90, 105, 120);\\"> </div><div style=\\"height: 2.5vh; width: 2.5vh; border-style: outset; border-width: 0.2vh; border-color: #749099; background-color: rgb(90, 105, 120);\\"> </div><div style=\\"height: 2.5vh; width: 2.5vh; border-style: outset; border-width: 0.2vh; border-color: #749099; background-color: rgb(90, 105, 120);\\"> </div><div style=\\"height: 2.5vh; width: 2.5vh; border-style: outset; border-width: 0.2vh; border-color: #749099; background-color: rgb(90, 105, 120);\\"> </div><div style=\\"height: 2.5vh; width: 2.5vh; border-style: outset; border-width: 0.2vh; border-color: #749099; background-color: rgb(90, 105, 120);\\"> </div><div style=\\"height: 2.5vh; width: 2.5vh; border-style: outset; border-width: 0.2vh; border-color: #749099; background-color: rgb(90, 105, 120);\\"> </div><div style=\\"height: 2.5vh; width: 2.5vh; border-style: outset; border-width: 0.2vh; border-color: #749099; background-color: rgb(90, 105, 120);\\"> </div><div style=\\"height: 2.5vh; width: 2.5vh; border-style: outset; border-width: 0.2vh; border-color: #749099; background-color: rgb(90, 105, 120);\\"> </div><div style=\\"height: 2.5vh; width: 2.5vh; border-style: outset; border-width: 0.2vh; border-color: #749099; background-color: rgb(90, 105, 120);\\"> </div><div style=\\"height: 2.5vh; width: 2.5vh; border-style: outset; border-width: 0.2vh; border-color: #749099; background-color: rgb(90, 105, 120);\\"> </div><div style=\\"height: 2.5vh; width: 2.5vh; border-style: outset; border-width: 0.2vh; border-color: #749099; background-color: rgb(90, 105, 120);\\"> </div><div style=\\"height: 2.5vh; width: 2.5vh; border-style: outset; border-width: 0.2vh; border-color: #749099; background-color: rgb(90, 105, 120);\\"> </div><div style=\\"height: 2.5vh; width: 2.5vh; border-style: outset; border-width: 0.2vh; border-color: #749099; background-color: rgb(90, 105, 120);\\"> </div><div style=\\"height: 2.5vh; width: 2.5vh; border-style: outset; border-width: 0.2vh; border-color: #749099; background-color: rgb(90, 105, 120);\\"> </div><div style=\\"height: 2.5vh; width: 2.5vh; border-style: outset; border-width: 0.2vh; border-color: #749099; background-color: rgb(90, 105, 120);\\"> </div><div style=\\"height: 2.5vh; width: 2.5vh; border-style: outset; border-width: 0.2vh; border-color: #749099; background-color: rgb(90, 105, 120);\\"> </div><div style=\\"height: 2.5vh; width: 2.5vh; border-style: outset; border-width: 0.2vh; border-color: #749099; background-color: rgb(90, 105, 120);\\"> </div><div style=\\"height: 2.5vh; width: 2.5vh; border-style: outset; border-width: 0.2vh; border-color: #749099; background-color: rgb(90, 105, 120);\\"> </div><div style=\\"height: 2.5vh; width: 2.5vh; border-style: outset; border-width: 0.2vh; border-color: #749099; background-color: rgb(90, 105, 120);\\"> </div><div style=\\"height: 2.5vh; width: 2.5vh; border-style: outset; border-width: 0.2vh; border-color: #749099; background-color: rgb(90, 105, 120);\\"> </div><div style=\\"height: 2.5vh; width: 2.5vh; border-style: outset; border-width: 0.2vh; border-color: #749099; background-color: rgb(90, 105, 120);\\"> </div><div style=\\"height: 2.5vh; width: 2.5vh; border-style: outset; border-width: 0.2vh; border-color: #749099; background-color: rgb(90, 105, 120);\\"> </div><div style=\\"height: 2.5vh; width: 2.5vh; border-style: outset; border-width: 0.2vh; border-color: #749099; background-color: rgb(90, 105, 120);\\"> </div><div style=\\"height: 2.5vh; width: 2.5vh; border-style: outset; border-width: 0.2vh; border-color: #749099; background-color: rgb(90, 105, 120);\\"> </div><div style=\\"height: 2.5vh; width: 2.5vh; border-style: outset; border-width: 0.2vh; border-color: #749099; background-color: rgb(90, 105, 120);\\"> </div><div style=\\"height: 2.5vh; width: 2.5vh; border-style: outset; border-width: 0.2vh; border-color: #749099; background-color: rgb(90, 105, 120);\\"> </div><div style=\\"height: 2.5vh; width: 2.5vh; border-style: outset; border-width: 0.2vh; border-color: #749099; background-color: rgb(90, 105, 120);\\"> </div><div style=\\"height: 2.5vh; width: 2.5vh; border-style: outset; border-width: 0.2vh; border-color: #749099; background-color: rgb(90, 105, 120);\\"> </div><div style=\\"height: 2.5vh; width: 2.5vh; border-style: outset; border-width: 0.2vh; border-color: #749099; background-color: rgb(90, 105, 120);\\"> </div><div style=\\"height: 2.5vh; width: 2.5vh; border-style: outset; border-width: 0.2vh; border-color: #749099; background-color: rgb(90, 105, 120);\\"> </div><div style=\\"height: 2.5vh; width: 2.5vh; border-style: outset; border-width: 0.2vh; border-color: #749099; background-color: rgb(90, 105, 120);\\"> </div><div style=\\"height: 2.5vh; width: 2.5vh; border-style: outset; border-width: 0.2vh; border-color: #749099; background-color: rgb(90, 105, 120);\\"> </div><div style=\\"height: 2.5vh; width: 2.5vh; border-style: outset; border-width: 0.2vh; border-color: #749099; background-color: rgb(90, 105, 120);\\"> </div><div style=\\"height: 2.5vh; width: 2.5vh; border-style: outset; border-width: 0.2vh; border-color: #749099; background-color: rgb(90, 105, 120);\\"> </div><div style=\\"height: 2.5vh; width: 2.5vh; border-style: outset; border-width: 0.2vh; border-color: #749099; background-color: rgb(90, 105, 120);\\"> </div><div style=\\"height: 2.5vh; width: 2.5vh; border-style: outset; border-width: 0.2vh; border-color: #749099; background-color: rgb(90, 105, 120);\\"> </div><div style=\\"height: 2.5vh; width: 2.5vh; border-style: outset; border-width: 0.2vh; border-color: #749099; background-color: rgb(90, 105, 120);\\"> </div><div style=\\"height: 2.5vh; width: 2.5vh; border-style: outset; border-width: 0.2vh; border-color: #749099; background-color: rgb(90, 105, 120);\\"> </div><div style=\\"height: 2.5vh; width: 2.5vh; border-style: outset; border-width: 0.2vh; border-color: #749099; background-color: rgb(90, 105, 120);\\"> </div><div style=\\"height: 2.5vh; width: 2.5vh; border-style: outset; border-width: 0.2vh; border-color: #749099; background-color: rgb(90, 105, 120);\\"> </div><div style=\\"height: 2.5vh; width: 2.5vh; border-style: outset; border-width: 0.2vh; border-color: #749099; background-color: rgb(90, 105, 120);\\"> </div><div style=\\"height: 2.5vh; width: 2.5vh; border-style: outset; border-width: 0.2vh; border-color: #749099; background-color: rgb(90, 105, 120);\\"> </div><div style=\\"height: 2.5vh; width: 2.5vh; border-style: outset; border-width: 0.2vh; border-color: #749099; background-color: rgb(90, 105, 120);\\"> </div><div style=\\"height: 2.5vh; width: 2.5vh; border-style: outset; border-width: 0.2vh; border-color: #749099; background-color: rgb(90, 105, 120);\\"> </div><div style=\\"height: 2.5vh; width: 2.5vh; border-style: outset; border-width: 0.2vh; border-color: #749099; background-color: rgb(90, 105, 120);\\"> </div><div style=\\"height: 2.5vh; width: 2.5vh; border-style: outset; border-width: 0.2vh; border-color: #749099; background-color: rgb(90, 105, 120);\\"> </div><div style=\\"height: 2.5vh; width: 2.5vh; border-style: outset; border-width: 0.2vh; border-color: #749099; background-color: rgb(90, 105, 120);\\"> </div><div style=\\"height: 2.5vh; width: 2.5vh; border-style: outset; border-width: 0.2vh; border-color: #749099; background-color: rgb(90, 105, 120);\\"> </div><div style=\\"height: 2.5vh; width: 2.5vh; border-style: outset; border-width: 0.2vh; border-color: #749099; background-color: rgb(90, 105, 120);\\"> </div><div style=\\"height: 2.5vh; width: 2.5vh; border-style: outset; border-width: 0.2vh; border-color: #749099; background-color: rgb(90, 105, 120);\\"> </div><div style=\\"height: 2.5vh; width: 2.5vh; border-style: outset; border-width: 0.2vh; border-color: #749099; background-color: rgb(90, 105, 120);\\"> </div><div style=\\"height: 2.5vh; width: 2.5vh; border-style: outset; border-width: 0.2vh; border-color: #749099; background-color: rgb(90, 105, 120);\\"> </div><div style=\\"height: 2.5vh; width: 2.5vh; border-style: outset; border-width: 0.2vh; border-color: #749099; background-color: rgb(90, 105, 120);\\"> </div><div style=\\"height: 2.5vh; width: 2.5vh; border-style: outset; border-width: 0.2vh; border-color: #749099; background-color: rgb(90, 105, 120);\\"> </div><div style=\\"height: 2.5vh; width: 2.5vh; border-style: outset; border-width: 0.2vh; border-color: #749099; background-color: rgb(90, 105, 120);\\"> </div><div style=\\"height: 2.5vh; width: 2.5vh; border-style: outset; border-width: 0.2vh; border-color: #749099; background-color: rgb(90, 105, 120);\\"> </div><div style=\\"height: 2.5vh; width: 2.5vh; border-style: outset; border-width: 0.2vh; border-color: #749099; background-color: rgb(90, 105, 120);\\"> </div><div style=\\"height: 2.5vh; width: 2.5vh; border-style: outset; border-width: 0.2vh; border-color: #749099; background-color: rgb(90, 105, 120);\\"> </div><div style=\\"height: 2.5vh; width: 2.5vh; border-style: outset; border-width: 0.2vh; border-color: #749099; background-color: rgb(90, 105, 120);\\"> </div><div style=\\"height: 2.5vh; width: 2.5vh; border-style: outset; border-width: 0.2vh; border-color: #749099; background-color: rgb(90, 105, 120);\\"> </div><div style=\\"height: 2.5vh; width: 2.5vh; border-style: outset; border-width: 0.2vh; border-color: #749099; background-color: rgb(90, 105, 120);\\"> </div><div style=\\"height: 2.5vh; width: 2.5vh; border-style: outset; border-width: 0.2vh; border-color: #749099; background-color: rgb(90, 105, 120);\\"> </div></div></div>"`;
