// Jest Snapshot v1, https://goo.gl/fbAQLP

exports[`<Room> basic test basic render 1`] = `"<div id=\\"main-game\\" tabindex=\\"0\\"><div style=\\"background-color: rgba(255, 255, 255, 0.5); position: fixed; display: flex; justify-content: center; align-items: center; top: 0px; left: 0px; right: 0px; bottom: 0px;\\"><div style=\\"justify-content: center; align-items: center; position: absolute; display: flex; flex-direction: column; padding: 10px; background-color: rgb(11, 29, 45);\\"><a style=\\"font-family: sans-serif; background-color: white; padding: 5px; color: black; text-decoration: none; border-radius: 5px;\\" href=\\"/\\">Login Page</a></div></div><div style=\\"display: flex; justify-content: center; align-items: center; position: absolute; bottom: 0px; width: 100%; height: 14.24vh; color: rgb(97, 218, 251);\\"><p style=\\"font-family: Permanent Marker; font-size: 3vh; font-weight: 300; color: rgb(97, 218, 251); margin-right: 2vh;\\">befuhro &amp; eruaud</p><img src=\\"\\" style=\\"height: 10vh; margin-left: 2vh;\\" alt=\\"le-101-logo\\"></div></div>"`;
