// Jest Snapshot v1, https://goo.gl/fbAQLP

exports[`<Square/> darkblue square should render white square 1`] = `"<div style=\\"height: 2.5vh; width: 2.5vh; border-style: outset; border-width: 0.2vh; border-color: #749099; background-color: rgb(38, 46, 230);\\"> </div>"`;

exports[`<Square/> default square should render white square 1`] = `"<div style=\\"height: 2.5vh; width: 2.5vh; border-style: outset; border-width: 0.2vh; border-color: #749099; background-color: rgb(90, 105, 120);\\"> </div>"`;

exports[`<Square/> green square should render white square 1`] = `"<div style=\\"height: 2.5vh; width: 2.5vh; border-style: outset; border-width: 0.2vh; border-color: #749099; background-color: rgb(118, 245, 65);\\"> </div>"`;

exports[`<Square/> lightblue square should render white square 1`] = `"<div style=\\"height: 2.5vh; width: 2.5vh; border-style: outset; border-width: 0.2vh; border-color: #749099; background-color: rgb(22, 227, 220);\\"> </div>"`;

exports[`<Square/> orange square should render white square 1`] = `"<div style=\\"height: 2.5vh; width: 2.5vh; border-style: outset; border-width: 0.2vh; border-color: #749099; background-color: rgb(255, 155, 0);\\"> </div>"`;

exports[`<Square/> purple square should render white square 1`] = `"<div style=\\"height: 2.5vh; width: 2.5vh; border-style: outset; border-width: 0.2vh; border-color: #749099; background-color: rgb(181, 0, 236);\\"> </div>"`;

exports[`<Square/> red square should render white square 1`] = `"<div style=\\"height: 2.5vh; width: 2.5vh; border-style: outset; border-width: 0.2vh; border-color: #749099; background-color: rgb(225, 33, 8);\\"> </div>"`;

exports[`<Square/> white square should render white square 1`] = `"<div style=\\"height: 2.5vh; width: 2.5vh; border-style: outset; border-width: 0.2vh; border-color: #749099; background-color: rgb(255, 255, 255);\\"> </div>"`;

exports[`<Square/> yellow square should render white square 1`] = `"<div style=\\"height: 2.5vh; width: 2.5vh; border-style: outset; border-width: 0.2vh; border-color: #749099; background-color: rgb(254, 239, 12);\\"> </div>"`;
